// Jest Snapshot v1, https://goo.gl/fbAQLP

exports[`renders correctly 1`] = `
<div>
  <div
    className="login"
  >
    <div
      className="col cross-center main-center"
    >
      <form
        className="col cross-center"
        onSubmit={[Function]}
      >
        <h2>
          Sign In
        </h2>
        <input
          name="name"
          placeholder="Username"
          type="text"
        />
        <input
          name="password"
          placeholder="Password"
          type="password"
        />
        <input
          className="link w-90"
          type="submit"
          value="Sign In"
        />
        <button
          className="link button w-90"
          onClick={[Function]}
          type="button"
        >
          or create new account
        </button>
      </form>
    </div>
    <div
      className="error row main-center cross-center"
    >
      
    </div>
  </div>
</div>
`;
